BASELINE profile=q50-fixed45 dataset=historical N=65536 Q=50 P=25 global_dnum=2 secret_hamming_weight=192 degree=59 DA=2 arcsine_degree=0 output_fold=false c2s_log_scale=45 linear_mode=double_hoist metadata_only=0
Q_PRIMES 4255252481 4255645697 4258922497 4260364289 4261675009 4264427521 4265476097 4266393601 4267442177 1040842753 1042415617 1043464193 1045430273 1048707073 1049100289 1051721729 1052508161 1053818881 1054212097 1055260673 1056178177 1056440321 1060765697 1062469633 1062862849 1064697857 1065484289 1068236801 1070727169 1071513601 1073479681 2135162881 4272291841 4272685057 1040056321 2135818241 4273340417 2142502913 4274126849 4276092929 2144468993 2146041857 2146959361 4277403649 4279369729 2147352577 4280025089 4280156161 4281204737 1038745601
P_PRIMES 4293918721 4291952641 4289462273 4288806913 4286709761 4286054401 4284874753 4284088321 4283301889 4271505409 4271374337 4269015041 4253024257 4252631041 4252106753 4251844609 4247388161 4245553153 4245422081 4243980289 4241883137 4241620993 4241489921 4240310273 4240048129
CONTRACT preparation_target_log_scale=59 c2s_log_scale=45 periods_per_integer=1
PLAN C2S stage=1 q_in=50 q_out=49 output_log_scale=60.04780477869699
PLAN C2S stage=2 q_in=49 q_out=48 output_log_scale=73.05243509455039
PLAN C2S stage=3 q_in=48 q_out=46 output_log_scale=54.06244669887172
PLAN EvalMod q_in=46 q_out=31 output_log_scale=53.03094629532367 effective_degree=58
MEMORY pool_cap_GiB=18 startup_free_GiB=31.4378662109375
SECRET h=192 positive=96 negative=96 source=OS_random nonzero=true
CHECK baseline_input_Q6 q=6 log_scale=40 max_abs=8.911274708535519e-07 rms=1.573547086567665e-07 max_imag=0.1718755619065524 reference_max_abs=0.5583615120376761
PHASE baseline_matrices
PHASE baseline_keys rotations=39 estimated_gpu_GiB=2.8564453125
PHASE baseline_S2C_double_hoist
TRACE S2C stage=1 q_in=6 q_out=5 input_log_scale=40 output_log_scale=53.0102950663809
TRACE S2C stage=2 q_in=5 q_out=4 input_log_scale=53.0102950663809 output_log_scale=66.02152163353519
TRACE S2C stage=3 q_in=4 q_out=2 input_log_scale=66.02152163353519 output_log_scale=47.04535065372118
CHECK baseline_S2C_vs_plain_DFT q=2 log_scale=47.04535065372118 max_abs=5.772619240698391e-09 rms=1.335469649053323e-10 max_imag=7821.79985925346 reference_max_abs=8745.029024599955
PREPARE multiplier=3969 actual_log_scale=58.99991050072101
CHECK baseline_prepare_preserves_value q=2 log_scale=58.99991050072101 max_abs=9.094947017729282e-13 rms=1.764995093647692e-14 max_imag=7821.799859253461 reference_max_abs=8745.029024595398
CONTRACT small_signal_gain=0.9999379657513102 output_gain_compensation=false
PHASE baseline_C2S_double_hoist
TRACE C2S stage=1 q_in=50 q_out=49 input_log_scale=45 output_log_scale=60.04780477869699
TRACE C2S stage=2 q_in=49 q_out=48 input_log_scale=60.04780477869699 output_log_scale=73.05243509455039
TRACE C2S stage=3 q_in=48 q_out=46 input_log_scale=73.05243509455039 output_log_scale=54.06244669887172
CHECK baseline_C2S_real_vs_plain_DFT q=46 log_scale=54.06244669887172 max_abs=1.341192448199779e-08 rms=3.306821520020541e-09 max_imag=1.173036321745901e-10 reference_max_abs=0.6798806332774973
CHECK baseline_C2S_imag_vs_plain_DFT q=46 log_scale=54.06244669887172 max_abs=1.354458947012401e-08 rms=3.280253048990121e-09 max_imag=1.132002988830045e-10 reference_max_abs=0.6400397889064158
DOMAIN max_abs=0.6798806342467698 outside=0
ORACLE baseline_ideal_sine_vs_input max_abs=0.001040366319078819 rms=0.0004354639960718786
ORACLE baseline_degree59_vs_sine max_abs=1.427408971200335e-07 rms=5.477393450562499e-08
ORACLE baseline_degree59_vs_input max_abs=0.001040297144929543 rms=0.000435464275160623
PHASE baseline_original_EvalMod_no_fold
CHECK baseline_final_vs_original_input q=31 log_scale=53.03094629532367 max_abs=0.001040035491872001 rms=0.0004354629857822692 max_imag=0.1718397021107016 reference_max_abs=0.5583615120376761
CHECK baseline_final_vs_decrypted_input q=31 log_scale=53.03094629532367 max_abs=0.001039985134674537 rms=0.0004354624973023581 max_imag=0.1718397021107016 reference_max_abs=0.5583619084064352
CHECK baseline_final_vs_degree59_plain q=31 log_scale=53.03094629532367 max_abs=4.43380255728454e-06 rms=3.713933578226542e-07 max_imag=0.1718397021107016 reference_max_abs=0.5573746761294556
BASELINE_RESULT legacy_tolerance_0_002=PASS strict_target_1e_4=FAIL max_abs=0.001040035491872001 arithmetic_max=4.43380255728454e-06 q=31 log_scale=53.03094629532367 no_reencryption=true full_network_tested=false output_fold=false
