BASELINE profile=q50-fixed45 dataset=grid-near-zero N=65536 Q=50 P=25 global_dnum=2 secret_hamming_weight=192 degree=59 DA=2 arcsine_degree=0 output_fold=false c2s_log_scale=45 linear_mode=double_hoist metadata_only=0
Q_PRIMES 4255252481 4255645697 4258922497 4260364289 4261675009 4264427521 4265476097 4266393601 4267442177 1040842753 1042415617 1043464193 1045430273 1048707073 1049100289 1051721729 1052508161 1053818881 1054212097 1055260673 1056178177 1056440321 1060765697 1062469633 1062862849 1064697857 1065484289 1068236801 1070727169 1071513601 1073479681 2135162881 4272291841 4272685057 1040056321 2135818241 4273340417 2142502913 4274126849 4276092929 2144468993 2146041857 2146959361 4277403649 4279369729 2147352577 4280025089 4280156161 4281204737 1038745601
P_PRIMES 4293918721 4291952641 4289462273 4288806913 4286709761 4286054401 4284874753 4284088321 4283301889 4271505409 4271374337 4269015041 4253024257 4252631041 4252106753 4251844609 4247388161 4245553153 4245422081 4243980289 4241883137 4241620993 4241489921 4240310273 4240048129
CONTRACT preparation_target_log_scale=59 c2s_log_scale=45 periods_per_integer=1
PLAN C2S stage=1 q_in=50 q_out=49 output_log_scale=60.04780477869699
PLAN C2S stage=2 q_in=49 q_out=48 output_log_scale=73.05243509455039
PLAN C2S stage=3 q_in=48 q_out=46 output_log_scale=54.06244669887172
PLAN EvalMod q_in=46 q_out=31 output_log_scale=53.03094629532367 effective_degree=58
FOLD_PLAN q_in=46 q_out=31 alpha=0.0001194797467008398 seed=0.1045498883353879 native_log_scale=53.03094629532367 application_log_scale=40 same_DAG=true extra_Q=0 identity_max=2.214970828279261e-15 source_reference_max=1.188014530500991e-16
RELU_PLAN stage=1 degree=15 q_in=31 q_out=25 input_log_scale=40 output_log_scale=40.1
RELU_PLAN stage=2 degree=15 q_in=25 q_out=19 input_log_scale=40.1 output_log_scale=44
RELU_PLAN stage=3 degree=27 q_in=19 q_out=12 input_log_scale=44 output_log_scale=89.87112238710051
CONTINUATION_PLAN bootstrap_out=31 relu_out=9 relu_Q_consumed=22 output_log_scale=40 no_reencryption=true security_approved=false
MEMORY pool_cap_GiB=18 startup_free_GiB=31.4378662109375
SECRET h=192 positive=96 negative=96 source=OS_random nonzero=true
CHECK baseline_input_Q6 q=6 log_scale=40 max_abs=1.042182171226748e-06 rms=1.580183603125772e-07 max_imag=1.03322990691485e-06 reference_max_abs=0.5
PHASE baseline_matrices
PHASE baseline_keys rotations=39 estimated_gpu_GiB=2.8564453125
PHASE baseline_S2C_double_hoist
TRACE S2C stage=1 q_in=6 q_out=5 input_log_scale=40 output_log_scale=53.0102950663809
TRACE S2C stage=2 q_in=5 q_out=4 input_log_scale=53.0102950663809 output_log_scale=66.02152163353519
TRACE S2C stage=3 q_in=4 q_out=2 input_log_scale=66.02152163353519 output_log_scale=47.04535065372118
CHECK baseline_S2C_vs_plain_DFT q=2 log_scale=47.04535065372118 max_abs=6.818025029257377e-09 rms=1.242184430813592e-10 max_imag=5194.148020991184 reference_max_abs=7345.528416862175
PREPARE multiplier=3969 actual_log_scale=58.99991050072101
CHECK baseline_prepare_preserves_value q=2 log_scale=58.99991050072101 max_abs=9.094947017729282e-13 rms=1.436229558831035e-14 max_imag=5194.148020991184 reference_max_abs=7345.528416862681
CONTRACT small_signal_gain=0.9999379657513102 output_gain_compensation=false
PHASE baseline_C2S_double_hoist
TRACE C2S stage=1 q_in=50 q_out=49 input_log_scale=45 output_log_scale=60.04780477869699
TRACE C2S stage=2 q_in=49 q_out=48 input_log_scale=60.04780477869699 output_log_scale=73.05243509455039
TRACE C2S stage=3 q_in=48 q_out=46 input_log_scale=73.05243509455039 output_log_scale=54.06244669887172
CHECK baseline_C2S_real_vs_plain_DFT q=46 log_scale=54.06244669887172 max_abs=1.37073432303099e-08 rms=3.251764992899596e-09 max_imag=1.630101654736958e-10 reference_max_abs=0.6802838739323576
CHECK baseline_C2S_imag_vs_plain_DFT q=46 log_scale=54.06244669887172 max_abs=1.334385479148598e-08 rms=3.278732862552929e-09 max_imag=1.74687209559238e-10 reference_max_abs=0.6800000000415557
DOMAIN max_abs=0.6802838721430247 outside=0
ORACLE baseline_ideal_sine_vs_input max_abs=0.0008672076404789845 rms=0.0003292340648185863
ORACLE baseline_degree59_vs_sine max_abs=2.795308175262557e-07 rms=5.377234346485425e-08
ORACLE baseline_degree59_vs_input max_abs=0.0008671808825750963 rms=0.0003292341504269517
PHASE baseline_original_EvalMod_no_fold
CHECK baseline_final_vs_original_input q=31 log_scale=53.03094629532367 max_abs=0.0008673034684815894 rms=0.0003292368651742344 max_imag=1.057647906362953e-05 reference_max_abs=0.5
CHECK baseline_final_vs_decrypted_input q=31 log_scale=53.03094629532367 max_abs=0.0008672868164214816 rms=0.0003292378270862971 max_imag=1.057647906362953e-05 reference_max_abs=0.5000001918673124
CHECK baseline_final_vs_degree59_plain q=31 log_scale=53.03094629532367 max_abs=3.623432699501528e-06 rms=3.660993813049726e-07 max_imag=1.057647906362953e-05 reference_max_abs=0.499139994336732
BASELINE_RESULT legacy_tolerance_0_002=PASS strict_target_1e_4=FAIL max_abs=0.0008673034684815894 arithmetic_max=3.623432699501528e-06 q=31 log_scale=53.03094629532367 no_reencryption=true full_network_tested=false output_fold=false
PHASE same_C2S_folded_EvalMod no_reencryption=true
CHECK fold_before_scale_reconciliation q=31 log_scale=53.03094629532367 max_abs=3.13290370114652e-09 rms=3.228757169641649e-10 max_imag=2.946086901944291e-09 reference_max_abs=5.963712009161135e-05
CHECK fold40_vs_same_C2S_native q=31 log_scale=40 max_abs=2.599562475660196e-05 rms=2.707565355655593e-06 max_imag=2.465762594340293e-05 reference_max_abs=0.4991399847113528
CHECK fold40_vs_bootstrap_polynomial q=31 log_scale=40 max_abs=2.622121144084669e-05 rms=2.702346848563437e-06 max_imag=2.465762594340293e-05 reference_max_abs=0.499139994336732
CHECK fold40_vs_original_input q=31 log_scale=40 max_abs=0.0008671892775550821 rms=0.0003292428062320085 max_imag=2.465762594340293e-05 reference_max_abs=0.5
FOLD_RESULT integration=PASS differential_max=2.599562475660196e-05 arithmetic_max=2.622121144084669e-05 restore_max=0.0008671892775550821 q=31 log_scale=40 extra_Q=0
RELU_DOMAIN max_abs=0.4991398340502533 max_imag=2.465762594340293e-05
PHASE continuous_bootstrap40_to_original_ReLU no_reencryption=true
CHECK stage1/T2 q=30 log_scale=50.00035226212768 max_abs=0.001732096665728875 rms=0.0005767655232933841 max_imag=4.194111376778069e-05 reference_max_abs=1
CHECK stage1/T4 q=28 log_scale=40.00775773852381 max_abs=0.003475324134662963 rms=0.00138392059630083 max_imag=0.0001072008164157263 reference_max_abs=1
CHECK stage1/T3 q=29 log_scale=60.00334924550847 max_abs=0.0005133863811056319 rms=0.0002915800063652862 max_imag=6.303571365386554e-05 reference_max_abs=1
CHECK stage1/T8 q=27 log_scale=50.02293113169127 max_abs=0.00691630352904349 rms=0.001770970461529917 max_imag=0.0001733784514067592 reference_max_abs=1
CHECK stage1/node15 q=30 log_scale=50.03114910328014 max_abs=0.003492188668458477 rms=0.001325867404977752 max_imag=9.929675264337126e-05 reference_max_abs=2.013510060031812
CHECK stage1/node14 q=30 log_scale=100.0315013654078 max_abs=0.001945268562518788 rms=0.0007385535049560897 max_imag=5.531169009516449e-05 reference_max_abs=1.121593989263324
CHECK stage1/node7 q=28 log_scale=40.03855457967626 max_abs=0.001135863315795122 rms=0.0006484042814719993 max_imag=0.000132217503195338 reference_max_abs=2.12834901927923
CHECK stage1/node6 q=28 log_scale=80.04631231820009 max_abs=0.00100694046619197 rms=0.000439621365154073 max_imag=4.206760494604752e-05 reference_max_abs=0.8229715504074255
CHECK stage1/node3 q=27 log_scale=50.05372797284372 max_abs=0.00649837522187437 rms=0.002454600825208234 max_imag=0.0001932082726766772 reference_max_abs=1.22899906918929
CHECK stage1/node5 q=28 log_scale=90.06148571136755 max_abs=0.0003807466081867119 rms=0.0002152899566330949 max_imag=3.045874399421084e-05 reference_max_abs=0.535426293612701
CHECK stage1/node4 q=28 log_scale=130.0692434498914 max_abs=0.001145032831736927 rms=0.0005451209633768834 max_imag=5.956475204925375e-05 reference_max_abs=1.121052281765149
CHECK stage1/node2 q=27 log_scale=100.076659104535 max_abs=0.0008876421910092862 rms=0.0002702912035117033 max_imag=7.399032647970709e-05 reference_max_abs=0.9323799979356489
CHECK stage1/node1 q=25 log_scale=40.09999999999995 max_abs=0.004437998032331821 rms=0.001842275154863424 max_imag=0.0001960806401853247 reference_max_abs=0.976019142283311
CHECK P15_stage1 q=25 log_scale=40.09999999999995 max_abs=0.004437998032331821 rms=0.001842275154863424 max_imag=0.0001960806401853247 reference_max_abs=0.976019142283311
CHECK relu_stage1_local_arithmetic q=25 log_scale=40.09999999999995 max_abs=2.349264871680056e-08 rms=2.374647624622876e-09 max_imag=0.0001960806401853247 reference_max_abs=0.9760191521344717
CHECK relu_stage1_vs_continuous_bootstrap_polynomial q=25 log_scale=40.09999999999995 max_abs=0.0002404733306854789 rms=1.737736234877258e-05 max_imag=0.0001960806401853247 reference_max_abs=0.9760191492778488
CHECK stage2/T2 q=24 log_scale=50.21469170138669 max_abs=0.01348976827555152 rms=0.004736614311251032 max_imag=0.0004414848170788923 reference_max_abs=1
CHECK stage2/T4 q=22 log_scale=40.46215005988126 max_abs=0.03033517971412149 rms=0.008881653534668677 max_imag=0.0008025108593308504 reference_max_abs=1
CHECK stage2/T3 q=23 log_scale=60.32991723998193 max_abs=0.02249738054431082 rms=0.006786514605163038 max_imag=0.0007102665440658888 reference_max_abs=0.9999999938731335
CHECK stage2/T8 q=21 log_scale=50.94773599498158 max_abs=0.05805695682255561 rms=0.01582271538902426 max_imag=0.001893131938593493 reference_max_abs=1
CHECK stage2/node15 q=24 log_scale=52.27037807783863 max_abs=0.01825981077042763 rms=0.00757990325139061 max_imag=0.0008067591202666597 reference_max_abs=4.015757717022322
CHECK stage2/node14 q=24 log_scale=102.4850697792254 max_abs=0.004157551402971562 rms=0.001725857830256347 max_imag=0.0001836898833118614 reference_max_abs=0.9143423960003249
CHECK stage2/node7 q=22 log_scale=42.51783643633321 max_abs=0.05021134228142075 rms=0.01515947159818957 max_imag=0.00159595479836518 reference_max_abs=2.720828839514433
CHECK stage2/node6 q=22 log_scale=82.97998649621472 max_abs=0.009880301633775084 rms=0.00299784879012416 max_imag=0.0003106226400945902 reference_max_abs=0.5280249415236564
CHECK stage2/node3 q=21 log_scale=53.00342237143352 max_abs=0.07895873503284274 rms=0.01755474437527364 max_imag=0.002160693947199514 reference_max_abs=1.972098003291398
CHECK stage2/node5 q=22 log_scale=93.46557243131524 max_abs=0.01281380059941264 rms=0.003861999527843129 max_imag=0.0004051198008155592 reference_max_abs=0.5315392501024796
CHECK stage2/node4 q=22 log_scale=133.9277224911966 max_abs=0.01264241752381744 rms=0.00405241969580567 max_imag=0.0004044478605776676 reference_max_abs=1.104933395976245
CHECK stage2/node2 q=21 log_scale=103.9511583664156 max_abs=0.02309667455980717 rms=0.005195571104219121 max_imag=0.0006366827317935138 reference_max_abs=0.9370296703842372
CHECK stage2/node1 q=19 log_scale=43.99999999999934 max_abs=0.05173565838844735 rms=0.01226218704463663 max_imag=0.001166905154002326 reference_max_abs=0.9164406218056026
CHECK P15_stage2 q=19 log_scale=43.99999999999934 max_abs=0.05173565838844735 rms=0.01226218704463663 max_imag=0.001166905154002326 reference_max_abs=0.9164406218056026
CHECK relu_stage2_local_arithmetic q=19 log_scale=43.99999999999934 max_abs=1.062341420271868e-06 rms=5.453479857537142e-08 max_imag=0.001166905154002326 reference_max_abs=0.9164406806759855
CHECK relu_stage2_vs_continuous_bootstrap_polynomial q=19 log_scale=43.99999999999934 max_abs=0.00225245824746874 rms=0.0001020597659670333 max_imag=0.001166905154002326 reference_max_abs=0.9164406952425941
CHECK stage3/T2 q=18 log_scale=58.02648199392646 max_abs=0.1344120784530997 rms=0.03068618583109073 max_imag=0.003230738384093101 reference_max_abs=1
CHECK stage3/T4 q=16 log_scale=56.10879992664222 max_abs=0.2040529343323668 rms=0.04507886488445439 max_imag=0.005007017026774984 reference_max_abs=1
CHECK stage3/T3 q=16 log_scale=42.0823179327151 max_abs=0.1803607508679867 rms=0.03505363757996403 max_imag=0.004662543644557791 reference_max_abs=0.9999999981545923
CHECK stage3/T8 q=14 log_scale=52.2809885080196 max_abs=0.4923458919814174 rms=0.09609499464953292 max_imag=0.01258251627307988 reference_max_abs=1
CHECK stage3/T5 q=15 log_scale=70.13869403465763 max_abs=0.3219104397890388 rms=0.05706731149533791 max_imag=0.006753281537587929 reference_max_abs=0.9999999994308917
CHECK stage3/T7 q=15 log_scale=68.22101196737339 max_abs=0.4546124183244584 rms=0.08412275753989544 max_imag=0.009042303099930061 reference_max_abs=0.9999999999947573
CHECK stage3/T16 q=12 log_scale=44.63456270861322 max_abs=1.004577816283427 rms=0.1886971771249777 max_imag=0.0192910872531372 reference_max_abs=1
CHECK stage3/node7 q=14 log_scale=52.88298547787787 max_abs=0.002323254775799254 rms=0.0004805612016183585 max_imag=5.76810622709965e-05 reference_max_abs=0.01924346158123966
CHECK stage3/node6 q=14 log_scale=105.1639739859027 max_abs=0.02973947562088594 rms=0.004913582265262213 max_imag=0.0006966766854210245 reference_max_abs=0.1772084358316214
CHECK stage3/node3 q=12 log_scale=45.2365596784715 max_abs=0.02384642361250148 rms=0.004148084665970612 max_imag=0.0005462183607151684 reference_max_abs=0.1581869407056134
CHECK stage3/node5 q=14 log_scale=97.51754818650167 max_abs=0.1492786177591729 rms=0.02257898540060398 max_imag=0.003433293139596365 reference_max_abs=0.6304709993602919
CHECK stage3/node4 q=14 log_scale=149.7985366945265 max_abs=0.1132890921800974 rms=0.0168749518771949 max_imag=0.003485502245452701 reference_max_abs=0.6356612567007046
CHECK stage3/node2 q=12 log_scale=89.8711223870953 max_abs=0.08269624152998202 rms=0.01097249888270902 max_imag=0.004688367852596123 reference_max_abs=0.6508813084747208
CHECK stage3/node1 q=12 log_scale=89.87112238708472 max_abs=0.007813992148142605 rms=0.0001472364794410728 max_imag=0.004864567595573564 reference_max_abs=0.5000500007173511
CHECK P27_stage3 q=12 log_scale=89.87112238708472 max_abs=0.007813992148142605 rms=0.0001472364794410728 max_imag=0.004864567595573564 reference_max_abs=0.5000500007173511
CHECK relu_stage3_local_arithmetic q=12 log_scale=89.87112238708472 max_abs=1.537319168094581e-07 rms=2.94517471580374e-09 max_imag=0.004864567595573564 reference_max_abs=0.5000500165405883
CHECK relu_stage3_vs_continuous_bootstrap_polynomial q=12 log_scale=89.87112238708472 max_abs=0.008519808654791095 rms=0.0001021825210277409 max_imag=0.004864567595573564 reference_max_abs=0.5000500124631411
CHECK chain_final_ReLU_local_arithmetic q=9 log_scale=39.99999999998415 max_abs=5.250682479488607e-09 rms=9.36629992440859e-10 max_imag=2.585361824421888e-05 reference_max_abs=0.4991130082602714
CHECK chain_final_vs_continuous_plain_polynomial q=9 log_scale=39.99999999998415 max_abs=2.606730415198461e-05 rms=1.928207133486586e-06 max_imag=2.585361824421888e-05 reference_max_abs=0.499111921149524
CHECK chain_final_vs_original_application_ReLU q=9 log_scale=39.99999999998415 max_abs=0.0008980580930338868 rms=0.0002346287886809545 max_imag=2.585361824421888e-05 reference_max_abs=0.5000061175753172
CHECK chain_final_vs_ideal_ReLU q=9 log_scale=39.99999999998415 max_abs=0.0008912597739599735 rms=0.0002346837046722479 max_imag=2.585361824421888e-05 reference_max_abs=0.5
ORACLE bootstrap_approximation_propagation_through_ReLU max_abs=0.0008983293384734695 rms=0.0002346165180566449
CHAIN_RESULT integration=PASS local_stage_max=1.062341420271868e-06 local_final_max=5.250682479488607e-09 chain_arithmetic_max=2.606730415198461e-05 end_to_end_max=0.0008980580930338868 end_to_end_target_1e_4=FAIL q=9 log_scale=39.99999999998415 bootstrap_tested=true relu_tested=true convolution_tested=false full_network_tested=false no_reencryption=true
