BASELINE profile=q50-fixed45 dataset=grid N=65536 Q=50 P=25 global_dnum=2 secret_hamming_weight=192 degree=59 DA=2 arcsine_degree=0 output_fold=false c2s_log_scale=45 linear_mode=double_hoist metadata_only=0
Q_PRIMES 4255252481 4255645697 4258922497 4260364289 4261675009 4264427521 4265476097 4266393601 4267442177 1040842753 1042415617 1043464193 1045430273 1048707073 1049100289 1051721729 1052508161 1053818881 1054212097 1055260673 1056178177 1056440321 1060765697 1062469633 1062862849 1064697857 1065484289 1068236801 1070727169 1071513601 1073479681 2135162881 4272291841 4272685057 1040056321 2135818241 4273340417 2142502913 4274126849 4276092929 2144468993 2146041857 2146959361 4277403649 4279369729 2147352577 4280025089 4280156161 4281204737 1038745601
P_PRIMES 4293918721 4291952641 4289462273 4288806913 4286709761 4286054401 4284874753 4284088321 4283301889 4271505409 4271374337 4269015041 4253024257 4252631041 4252106753 4251844609 4247388161 4245553153 4245422081 4243980289 4241883137 4241620993 4241489921 4240310273 4240048129
CONTRACT preparation_target_log_scale=59 c2s_log_scale=45 periods_per_integer=1
PLAN C2S stage=1 q_in=50 q_out=49 output_log_scale=60.04780477869699
PLAN C2S stage=2 q_in=49 q_out=48 output_log_scale=73.05243509455039
PLAN C2S stage=3 q_in=48 q_out=46 output_log_scale=54.06244669887172
PLAN EvalMod q_in=46 q_out=31 output_log_scale=53.03094629532367 effective_degree=58
FOLD_PLAN q_in=46 q_out=31 alpha=0.0001194797467008398 seed=0.1045498883353879 native_log_scale=53.03094629532367 application_log_scale=40 same_DAG=true extra_Q=0 identity_max=2.214970828279261e-15 source_reference_max=1.188014530500991e-16
RELU_PLAN stage=1 degree=15 q_in=31 q_out=25 input_log_scale=40 output_log_scale=40.1
RELU_PLAN stage=2 degree=15 q_in=25 q_out=19 input_log_scale=40.1 output_log_scale=44
RELU_PLAN stage=3 degree=27 q_in=19 q_out=12 input_log_scale=44 output_log_scale=89.87112238710051
CONTINUATION_PLAN bootstrap_out=31 relu_out=9 relu_Q_consumed=22 output_log_scale=40 no_reencryption=true security_approved=false
MEMORY pool_cap_GiB=18 startup_free_GiB=31.4378662109375
SECRET h=192 positive=96 negative=96 source=OS_random nonzero=true
CHECK baseline_input_Q6 q=6 log_scale=40 max_abs=9.431094367733744e-07 rms=1.57818503861559e-07 max_imag=8.499796665585082e-07 reference_max_abs=0.5
PHASE baseline_matrices
PHASE baseline_keys rotations=39 estimated_gpu_GiB=2.8564453125
PHASE baseline_S2C_double_hoist
TRACE S2C stage=1 q_in=6 q_out=5 input_log_scale=40 output_log_scale=53.0102950663809
TRACE S2C stage=2 q_in=5 q_out=4 input_log_scale=53.0102950663809 output_log_scale=66.02152163353519
TRACE S2C stage=3 q_in=4 q_out=2 input_log_scale=66.02152163353519 output_log_scale=47.04535065372118
CHECK baseline_S2C_vs_plain_DFT q=2 log_scale=47.04535065372118 max_abs=6.830928031626148e-09 rms=1.245128094949848e-10 max_imag=5214.840657993467 reference_max_abs=7374.338956256819
PREPARE multiplier=3969 actual_log_scale=58.99991050072101
CHECK baseline_prepare_preserves_value q=2 log_scale=58.99991050072101 max_abs=4.856703836433968e-13 rms=1.38209081521517e-14 max_imag=5214.840657993467 reference_max_abs=7374.338956257396
CONTRACT small_signal_gain=0.9999379657513102 output_gain_compensation=false
PHASE baseline_C2S_double_hoist
TRACE C2S stage=1 q_in=50 q_out=49 input_log_scale=45 output_log_scale=60.04780477869699
TRACE C2S stage=2 q_in=49 q_out=48 input_log_scale=60.04780477869699 output_log_scale=73.05243509455039
TRACE C2S stage=3 q_in=48 q_out=46 input_log_scale=73.05243509455039 output_log_scale=54.06244669887172
CHECK baseline_C2S_real_vs_plain_DFT q=46 log_scale=54.06244669887172 max_abs=1.333557945470561e-08 rms=3.284247375574541e-09 max_imag=3.22518510528375e-10 reference_max_abs=0.6398520888776044
CHECK baseline_C2S_imag_vs_plain_DFT q=46 log_scale=54.06244669887172 max_abs=1.467772619708886e-08 rms=3.269391841170154e-09 max_imag=3.821930202110495e-11 reference_max_abs=0.6799999999722217
DOMAIN max_abs=0.6800000050601622 outside=0
ORACLE baseline_ideal_sine_vs_input max_abs=0.0008691921624158809 rms=0.0003313250659694787
ORACLE baseline_degree59_vs_sine max_abs=2.053158105343359e-07 rms=5.372783356275356e-08
ORACLE baseline_degree59_vs_input max_abs=0.0008691760936859964 rms=0.0003313253224969888
PHASE baseline_original_EvalMod_no_fold
CHECK baseline_final_vs_original_input q=31 log_scale=53.03094629532367 max_abs=0.0008703338280933945 rms=0.0003313261766057645 max_imag=1.151054644248176e-05 reference_max_abs=0.5
CHECK baseline_final_vs_decrypted_input q=31 log_scale=53.03094629532367 max_abs=0.0008702998428416487 rms=0.0003313263228003215 max_imag=1.151054644248176e-05 reference_max_abs=0.5000002131264124
CHECK baseline_final_vs_degree59_plain q=31 log_scale=53.03094629532367 max_abs=3.941302020734498e-06 rms=3.612368010767055e-07 max_imag=1.151054644248176e-05 reference_max_abs=0.4991413373909498
BASELINE_RESULT legacy_tolerance_0_002=PASS strict_target_1e_4=FAIL max_abs=0.0008703338280933945 arithmetic_max=3.941302020734498e-06 q=31 log_scale=53.03094629532367 no_reencryption=true full_network_tested=false output_fold=false
PHASE same_C2S_folded_EvalMod no_reencryption=true
CHECK fold_before_scale_reconciliation q=31 log_scale=53.03094629532367 max_abs=2.944170145536654e-09 rms=3.178838772367931e-10 max_imag=3.279337257914127e-09 reference_max_abs=5.96372805593891e-05
CHECK fold40_vs_same_C2S_native q=31 log_scale=40 max_abs=2.44447630017109e-05 rms=2.666738896211278e-06 max_imag=2.744680457124222e-05 reference_max_abs=0.4991415013694144
CHECK fold40_vs_bootstrap_polynomial q=31 log_scale=40 max_abs=2.464158342180343e-05 rms=2.660567050185816e-06 max_imag=2.744680457124222e-05 reference_max_abs=0.4991413373909498
CHECK fold40_vs_original_input q=31 log_scale=40 max_abs=0.000877028326913759 rms=0.0003313350026860192 max_imag=2.744680457124222e-05 reference_max_abs=0.5
FOLD_RESULT integration=PASS differential_max=2.44447630017109e-05 arithmetic_max=2.464158342180343e-05 restore_max=0.000877028326913759 q=31 log_scale=40 extra_Q=0
RELU_DOMAIN max_abs=0.4991398472854104 max_imag=2.744680457124222e-05
PHASE continuous_bootstrap40_to_original_ReLU no_reencryption=true
CHECK stage1/T2 q=30 log_scale=50.00035226212768 max_abs=0.001752411240472955 rms=0.000581513537762178 max_imag=3.916348707185047e-05 reference_max_abs=1
CHECK stage1/T4 q=28 log_scale=40.00775773852381 max_abs=0.003511391672818672 rms=0.001391929194927346 max_imag=9.780777876125867e-05 reference_max_abs=1
CHECK stage1/T3 q=29 log_scale=60.00334924550847 max_abs=0.0005126372270934511 rms=0.0002915780636227249 max_imag=8.197976133545336e-05 reference_max_abs=1
CHECK stage1/T8 q=27 log_scale=50.02293113169127 max_abs=0.006996409033454298 rms=0.001795380409923221 max_imag=0.0001699021993506523 reference_max_abs=1
CHECK stage1/node15 q=30 log_scale=50.03114910328014 max_abs=0.003531810718759443 rms=0.001334292722192459 max_imag=0.0001105288361221904 reference_max_abs=2.013510060031812
CHECK stage1/node14 q=30 log_scale=100.0315013654078 max_abs=0.001967339399760732 rms=0.0007432466948904419 max_imag=6.156834206315205e-05 reference_max_abs=1.121593989263324
CHECK stage1/node7 q=28 log_scale=40.03855457967626 max_abs=0.001127044089060071 rms=0.000648472310934125 max_imag=0.0001713706106911924 reference_max_abs=2.12834901927923
CHECK stage1/node6 q=28 log_scale=80.04631231820009 max_abs=0.001017126681384346 rms=0.0004417391938289732 max_imag=5.177910711804129e-05 reference_max_abs=0.8229715504074255
CHECK stage1/node3 q=27 log_scale=50.05372797284372 max_abs=0.006561231527242679 rms=0.002470397629997685 max_imag=0.0002186462944019279 reference_max_abs=1.22899906918929
CHECK stage1/node5 q=28 log_scale=90.06148571136755 max_abs=0.0003784710389669337 rms=0.0002157875127463661 max_imag=3.862872153910247e-05 reference_max_abs=0.535426293612701
CHECK stage1/node4 q=28 log_scale=130.0692434498914 max_abs=0.001159209844874322 rms=0.0005473192216638186 max_imag=7.41484138314694e-05 reference_max_abs=1.121052281765149
CHECK stage1/node2 q=27 log_scale=100.076659104535 max_abs=0.0008980408606859528 rms=0.0002729486246198796 max_imag=0.0001117624920760395 reference_max_abs=0.9323799979356489
CHECK stage1/node1 q=25 log_scale=40.09999999999995 max_abs=0.004438993077558368 rms=0.00184254951451566 max_imag=0.00030738938862523 reference_max_abs=0.976019142283311
CHECK P15_stage1 q=25 log_scale=40.09999999999995 max_abs=0.004438993077558368 rms=0.00184254951451566 max_imag=0.00030738938862523 reference_max_abs=0.976019142283311
CHECK relu_stage1_local_arithmetic q=25 log_scale=40.09999999999995 max_abs=1.874720453191293e-08 rms=2.380129072694181e-09 max_imag=0.00030738938862523 reference_max_abs=0.9760191468342636
CHECK relu_stage1_vs_continuous_bootstrap_polynomial q=25 log_scale=40.09999999999995 max_abs=0.0002759670440581973 rms=1.730805111762611e-05 max_imag=0.00030738938862523 reference_max_abs=0.9760191472132731
CHECK stage2/T2 q=24 log_scale=50.21469170138669 max_abs=0.01343908043705842 rms=0.004738665774699241 max_imag=0.0004915589202217074 reference_max_abs=1
CHECK stage2/T4 q=22 log_scale=40.46215005988126 max_abs=0.03028266503607285 rms=0.008895823817490821 max_imag=0.001336267132197276 reference_max_abs=1
CHECK stage2/T3 q=23 log_scale=60.32991723998193 max_abs=0.02252270794288486 rms=0.006793082314080355 max_imag=0.0007152680088509632 reference_max_abs=0.9999999938731335
CHECK stage2/T8 q=21 log_scale=50.94773599498158 max_abs=0.05783003927338416 rms=0.01587046572833777 max_imag=0.001570804583973075 reference_max_abs=1
CHECK stage2/node15 q=24 log_scale=52.27037807783863 max_abs=0.01826390480938694 rms=0.007581032083648288 max_imag=0.001264730634904639 reference_max_abs=4.015757717022322
CHECK stage2/node14 q=24 log_scale=102.4850697792254 max_abs=0.004158483569152619 rms=0.001726114852532779 max_imag=0.0002879647928249646 reference_max_abs=0.9143423960003249
CHECK stage2/node7 q=22 log_scale=42.51783643633321 max_abs=0.05034497544786033 rms=0.01517371153415598 max_imag=0.001602755715930691 reference_max_abs=2.720828839514433
CHECK stage2/node6 q=22 log_scale=82.97998649621472 max_abs=0.009881174387718477 rms=0.003000760523740078 max_imag=0.0003133371763970333 reference_max_abs=0.5280249415236564
CHECK stage2/node3 q=21 log_scale=53.00342237143352 max_abs=0.0788640562983197 rms=0.01765684316472817 max_imag=0.00202276609602639 reference_max_abs=1.972098003291398
CHECK stage2/node5 q=22 log_scale=93.46557243131524 max_abs=0.01283272310941896 rms=0.003865723368151004 max_imag=0.0004077412268632183 reference_max_abs=0.5315392501024796
CHECK stage2/node4 q=22 log_scale=133.9277224911966 max_abs=0.01260016071966999 rms=0.004056100545368205 max_imag=0.0005136454221462766 reference_max_abs=1.104933395976245
CHECK stage2/node2 q=21 log_scale=103.9511583664156 max_abs=0.0231671699232511 rms=0.005222766642556225 max_imag=0.0007500731691780366 reference_max_abs=0.9370296703842372
CHECK stage2/node1 q=19 log_scale=43.99999999999934 max_abs=0.05166691152515673 rms=0.01244700980644059 max_imag=0.001702110771996841 reference_max_abs=0.9164406218056026
CHECK P15_stage2 q=19 log_scale=43.99999999999934 max_abs=0.05166691152515673 rms=0.01244700980644059 max_imag=0.001702110771996841 reference_max_abs=0.9164406218056026
CHECK relu_stage2_local_arithmetic q=19 log_scale=43.99999999999934 max_abs=1.168970581033696e-06 rms=5.300925549388753e-08 max_imag=0.001702110771996841 reference_max_abs=0.9164406906394202
CHECK relu_stage2_vs_continuous_bootstrap_polynomial q=19 log_scale=43.99999999999934 max_abs=0.002089326808241712 rms=9.98780055707939e-05 max_imag=0.001702110771996841 reference_max_abs=0.9164406832233303
CHECK stage3/T2 q=18 log_scale=58.02648199392646 max_abs=0.134113009200143 rms=0.0309745304656912 max_imag=0.003497924577239969 reference_max_abs=1
CHECK stage3/T4 q=16 log_scale=56.10879992664222 max_abs=0.2037444776610632 rms=0.04589043705059182 max_imag=0.006642220740182348 reference_max_abs=1
CHECK stage3/T3 q=16 log_scale=42.0823179327151 max_abs=0.1799673858512175 rms=0.03506312812967096 max_imag=0.004529919037550142 reference_max_abs=0.9999999981545923
CHECK stage3/T8 q=14 log_scale=52.2809885080196 max_abs=0.4926809340316072 rms=0.09742650756858668 max_imag=0.01464479029663087 reference_max_abs=1
CHECK stage3/T5 q=15 log_scale=70.13869403465763 max_abs=0.3198014426076766 rms=0.05799062619913544 max_imag=0.008959119556908257 reference_max_abs=0.9999999994308917
CHECK stage3/T7 q=15 log_scale=68.22101196737339 max_abs=0.4544109975664953 rms=0.08542733053581675 max_imag=0.01117809023421874 reference_max_abs=0.9999999999947573
CHECK stage3/T16 q=12 log_scale=44.63456270861322 max_abs=1.004948232450372 rms=0.1911930824473295 max_imag=0.0277901957726959 reference_max_abs=1
CHECK stage3/node7 q=14 log_scale=52.88298547787787 max_abs=0.002323686161528568 rms=0.0004819914220580298 max_imag=5.832596235378245e-05 reference_max_abs=0.01924346158123966
CHECK stage3/node6 q=14 log_scale=105.1639739859027 max_abs=0.02974843692655492 rms=0.00492046113980919 max_imag=0.0005330902704667692 reference_max_abs=0.1772084358316214
CHECK stage3/node3 q=12 log_scale=45.2365596784715 max_abs=0.02379503938715829 rms=0.004154782646270293 max_imag=0.0004382744389291824 reference_max_abs=0.1581869407056134
CHECK stage3/node5 q=14 log_scale=97.51754818650167 max_abs=0.1491024165031084 rms=0.02260431704502128 max_imag=0.002743253497963939 reference_max_abs=0.6304709993602919
CHECK stage3/node4 q=14 log_scale=149.7985366945265 max_abs=0.1132773096931566 rms=0.01696659881401859 max_imag=0.002863149179662124 reference_max_abs=0.6356612567007046
CHECK stage3/node2 q=12 log_scale=89.8711223870953 max_abs=0.08267983343208191 rms=0.01097544689429547 max_imag=0.003827942122964911 reference_max_abs=0.6508813084747208
CHECK stage3/node1 q=12 log_scale=89.87112238708472 max_abs=0.005188947977039577 rms=9.811928074623227e-05 max_imag=0.003959546438986759 reference_max_abs=0.5000500007173511
CHECK P27_stage3 q=12 log_scale=89.87112238708472 max_abs=0.005188947977039577 rms=9.811928074623227e-05 max_imag=0.003959546438986759 reference_max_abs=0.5000500007173511
CHECK relu_stage3_local_arithmetic q=12 log_scale=89.87112238708472 max_abs=1.562354083259063e-07 rms=2.175123082355764e-09 max_imag=0.003959546438986759 reference_max_abs=0.5000500094141596
CHECK relu_stage3_vs_continuous_bootstrap_polynomial q=12 log_scale=89.87112238708472 max_abs=0.00276670690008454 rms=4.275917988273226e-05 max_imag=0.003959546438986759 reference_max_abs=0.500050005535874
CHECK chain_final_ReLU_local_arithmetic q=9 log_scale=39.99999999998415 max_abs=6.400804661421054e-09 rms=9.359181195229241e-10 max_imag=2.74909705798135e-05 reference_max_abs=0.4991145182929904
CHECK chain_final_vs_continuous_plain_polynomial q=9 log_scale=39.99999999998415 max_abs=2.46808157958377e-05 rms=1.904632324374159e-06 max_imag=2.74909705798135e-05 reference_max_abs=0.4991138043655029
CHECK chain_final_vs_original_application_ReLU q=9 log_scale=39.99999999998415 max_abs=0.0009053092636342702 rms=0.0002345558878918832 max_imag=2.74909705798135e-05 reference_max_abs=0.5000061175753172
CHECK chain_final_vs_ideal_ReLU q=9 log_scale=39.99999999998415 max_abs=0.0009008881155688949 rms=0.000234606647424193 max_imag=2.74909705798135e-05 reference_max_abs=0.5
ORACLE bootstrap_approximation_propagation_through_ReLU max_abs=0.0009022283053694998 rms=0.0002345490505935403
CHAIN_RESULT integration=PASS local_stage_max=1.168970581033696e-06 local_final_max=6.400804661421054e-09 chain_arithmetic_max=2.46808157958377e-05 end_to_end_max=0.0009053092636342702 end_to_end_target_1e_4=FAIL q=9 log_scale=39.99999999998415 bootstrap_tested=true relu_tested=true convolution_tested=false full_network_tested=false no_reencryption=true
