ACCURACY_ONLY security_approved=false N=65536 Q=50 P=25 dnum=2 slots=32768
FIXTURE coefficients_sha256=c5bd1e4cce6af0630afa3f637bb1c71e81d91d44d00cfa3f9ca6724af61a8ae1 witness_sha256=eaf476ef2707290d7d5895bad2c072b8dc174c3009aa1795a146fa2cfd160bbf
SECRET h=192 positive=96 negative=96 source=OS_random nonzero=true
CHECK encrypted_input q=31 log_scale=40 max_abs=9.4624683663497e-07 rms=1.5937182945131e-07 max_imag=8.0978115925064e-07 reference_max_abs=1
CHECK stage1/T2 q=30 log_scale=50.000352262128 max_abs=3.5752161742505e-06 rms=3.6609500067517e-07 max_imag=2.5698914184151e-06 reference_max_abs=1
CHECK stage1/T4 q=28 log_scale=40.007757738524 max_abs=1.1218155473691e-05 rms=8.2004954890361e-07 max_imag=8.5171151520139e-06 reference_max_abs=1
CHECK stage1/T3 q=29 log_scale=60.003349245508 max_abs=7.2924705173679e-06 rms=5.8705518870547e-07 max_imag=5.3560426688023e-06 reference_max_abs=1
CHECK stage1/T8 q=27 log_scale=50.022931131691 max_abs=3.1535456382803e-05 rms=1.7488860729819e-06 max_imag=2.9227394424422e-05 reference_max_abs=1
CHECK stage1/node15 q=30 log_scale=50.03114910328 max_abs=3.8105554145998e-06 rms=6.4179356455686e-07 max_imag=3.261004624615e-06 reference_max_abs=4.0270201200636
CHECK stage1/node14 q=30 log_scale=100.03150136541 max_abs=2.1226095288353e-06 rms=3.5750097193701e-07 max_imag=1.8164913622379e-06 reference_max_abs=2.2431879785266
CHECK stage1/node7 q=28 log_scale=40.038554579676 max_abs=1.4464656204804e-05 rms=1.1730588513702e-06 max_imag=1.0629381084086e-05 reference_max_abs=2.1294338132612
CHECK stage1/node6 q=28 log_scale=80.0463123182 max_abs=1.5452226104433e-06 rms=2.0205786090565e-07 max_imag=1.3713806422059e-06 reference_max_abs=1.012541860641
CHECK stage1/node3 q=27 log_scale=50.053727972844 max_abs=2.3846021114415e-05 rms=1.495718512614e-06 max_imag=2.1971969203539e-05 reference_max_abs=1.2289990742979
CHECK stage1/node5 q=28 log_scale=90.061485711368 max_abs=2.1190742064511e-06 rms=1.9357611591751e-07 max_imag=1.5653461305839e-06 reference_max_abs=0.55286535782885
CHECK stage1/node4 q=28 log_scale=130.06924344989 max_abs=2.1784961813449e-06 rms=2.9775920424847e-07 max_imag=1.954289718342e-06 reference_max_abs=1.2566840089522
CHECK stage1/node2 q=27 log_scale=100.07665910454 max_abs=3.0173409014885e-06 rms=3.1586867310975e-07 max_imag=2.7142326381074e-06 reference_max_abs=1.0344074602517
CHECK stage1/node1 q=25 log_scale=40.1 max_abs=4.8817904113952e-05 rms=1.6780818601483e-06 max_imag=4.5245401861276e-05 reference_max_abs=0.97601915273881
CHECK P15_stage1 q=25 log_scale=40.1 max_abs=4.8817904113952e-05 rms=1.6780818601483e-06 max_imag=4.5245401861276e-05 reference_max_abs=0.97601915273881
CHECK stage1_vs_polynomial_of_decrypted_input q=25 log_scale=40.1 max_abs=2.4574460207323e-08 rms=2.6272825882561e-09 max_imag=4.5245401861276e-05 reference_max_abs=0.97601915275867
CHECK stage2/T2 q=24 log_scale=50.214691701387 max_abs=6.9564391501964e-05 rms=3.5923318240557e-06 max_imag=6.8677936545768e-05 reference_max_abs=1
CHECK stage2/T4 q=22 log_scale=40.462150059881 max_abs=0.00015459196090911 rms=6.5852829872121e-06 max_imag=0.00015111251183422 reference_max_abs=1
CHECK stage2/T3 q=23 log_scale=60.329917239982 max_abs=0.00012760454303738 rms=4.8270484526061e-06 max_imag=0.00011826820676623 reference_max_abs=0.99999999891292
CHECK stage2/T8 q=21 log_scale=50.947735994982 max_abs=0.00039373503024259 rms=1.2852769607467e-05 max_imag=0.00036491748317664 reference_max_abs=1
CHECK stage2/node15 q=24 log_scale=52.270378077839 max_abs=0.00020085761301857 rms=6.9043422278304e-06 max_imag=0.00018615881985295 reference_max_abs=4.0157577600407
CHECK stage2/node14 q=24 log_scale=102.48506977923 max_abs=4.573299588251e-05 rms=1.5720402625528e-06 max_imag=4.2386247721607e-05 reference_max_abs=0.91434240579511
CHECK stage2/node7 q=22 log_scale=42.517836436333 max_abs=0.00020781384680071 rms=1.0383575503879e-05 max_imag=0.00019260967534078 reference_max_abs=2.7208290325804
CHECK stage2/node6 q=22 log_scale=82.979986496215 max_abs=6.5181842919993e-05 rms=2.1970466977362e-06 max_imag=6.0412645906167e-05 reference_max_abs=0.52802492829469
CHECK stage2/node3 q=21 log_scale=53.003422371434 max_abs=0.00026535556991136 rms=1.1287444167619e-05 max_imag=0.00021372656687312 reference_max_abs=1.972098567928
CHECK stage2/node5 q=22 log_scale=93.465572431315 max_abs=6.8669399457303e-05 rms=2.7221046781723e-06 max_imag=6.3645162073695e-05 reference_max_abs=0.53153926368996
CHECK stage2/node4 q=22 log_scale=133.9277224912 max_abs=0.00012491706896469 rms=3.350727871532e-06 max_imag=0.00011577683453508 reference_max_abs=1.1049333951186
CHECK stage2/node2 q=21 log_scale=103.95115836642 max_abs=0.00014000955135799 rms=3.874979545285e-06 max_imag=0.00012977020388097 reference_max_abs=0.93702973163669
CHECK stage2/node1 q=19 log_scale=43.999999999999 max_abs=0.00020261846779871 rms=9.4077564494121e-06 max_imag=0.00018776350496687 reference_max_abs=0.91644065566353
CHECK P15_stage2 q=19 log_scale=43.999999999999 max_abs=0.00020261846779871 rms=9.4077564494121e-06 max_imag=0.00018776350496687 reference_max_abs=0.91644065566353
CHECK stage2_vs_polynomial_of_decrypted_input q=19 log_scale=43.999999999999 max_abs=1.218599465905e-06 rms=4.0761357583927e-08 max_imag=0.00018776350496687 reference_max_abs=0.9164406564527
CHECK stage3/T2 q=18 log_scale=58.026481993926 max_abs=0.00066047542219367 rms=2.2712216503986e-05 max_imag=0.00061208129268053 reference_max_abs=1
CHECK stage3/T4 q=16 log_scale=56.108799926642 max_abs=0.00086708696816404 rms=3.5406761225815e-05 max_imag=0.00080385750907137 reference_max_abs=1
CHECK stage3/T3 q=16 log_scale=42.082317932715 max_abs=0.0010068584078228 rms=2.6280698495177e-05 max_imag=0.0009331804039659 reference_max_abs=0.9999999962062
CHECK stage3/T8 q=14 log_scale=52.28098850802 max_abs=0.0027211366589885 rms=7.3017562972158e-05 max_imag=0.0025221838299791 reference_max_abs=1
CHECK stage3/T5 q=15 log_scale=70.138694034658 max_abs=0.00099638695335516 rms=4.2929954310529e-05 max_imag=0.00097781121156104 reference_max_abs=0.9999999997791
CHECK stage3/T7 q=15 log_scale=68.221011967373 max_abs=0.0022680740520765 rms=6.4037580186497e-05 max_imag=0.0021015925687915 reference_max_abs=0.999999996212
CHECK stage3/T16 q=12 log_scale=44.634562708613 max_abs=0.0033486870835086 rms=0.00014454494389043 max_imag=0.0032862588903069 reference_max_abs=1
CHECK stage3/node7 q=14 log_scale=52.882985477878 max_abs=1.2739376044961e-05 rms=3.5203177916567e-07 max_imag=1.1806659185995e-05 reference_max_abs=0.019243464358715
CHECK stage3/node6 q=14 log_scale=105.1639739859 max_abs=0.00012942328996847 rms=3.7305306945518e-06 max_imag=0.00012651254937823 reference_max_abs=0.1772085000198
CHECK stage3/node3 q=12 log_scale=45.236559678472 max_abs=0.00010443002823585 rms=3.1390102174307e-06 max_imag=0.00010207824066895 reference_max_abs=0.15818700017571
CHECK stage3/node5 q=14 log_scale=97.517548186502 max_abs=0.00065631779610799 rms=1.7358817328996e-05 max_imag=0.00064154025806236 reference_max_abs=0.63047135035882
CHECK stage3/node4 q=14 log_scale=149.79853669453 max_abs=0.00049139925990649 rms=1.3589316328997e-05 max_imag=0.00048031698869349 reference_max_abs=0.63566125683945
CHECK stage3/node2 q=12 log_scale=89.871122387095 max_abs=0.00035429237466418 rms=9.8384583995615e-06 max_imag=0.0003462701241464 reference_max_abs=0.65088142784041
CHECK stage3/node1 q=12 log_scale=89.871122387085 max_abs=0.00027413066506074 rms=4.7604072781843e-06 max_imag=0.00023470453587376 reference_max_abs=0.50005000071736
CHECK P27_stage3 q=12 log_scale=89.871122387085 max_abs=0.00027413066506074 rms=4.7604072781843e-06 max_imag=0.00023470453587376 reference_max_abs=0.50005000071736
CHECK stage3_vs_polynomial_of_decrypted_input q=12 log_scale=89.871122387085 max_abs=1.6319453491819e-07 rms=2.5869319710119e-09 max_imag=0.00023470453587376 reference_max_abs=0.50005000072533
SOURCE_REFERENCE original_application_function_max_difference=5.0567189324724e-16
CHECK ReLU_final_vs_original_polynomial q=9 log_scale=39.999999999984 max_abs=1.1532453141634e-06 rms=1.1425665139275e-07 max_imag=1.0315983571126e-06 reference_max_abs=0.99995271955909
CHECK ReLU_final_vs_polynomial_of_decrypted_input q=9 log_scale=39.999999999984 max_abs=5.9762669529685e-09 rms=9.393467282421e-10 max_imag=1.0315983571126e-06 reference_max_abs=0.99995331146502
APPROXIMATION plaintext_polynomial_vs_ReLU_max=0.00011509801157269 rms=2.0572159571418e-05
CHECK ReLU_final_vs_ideal_ReLU q=9 log_scale=39.999999999984 max_abs=0.00011514133725282 rms=2.0571905715792e-05 max_imag=1.0315983571126e-06 reference_max_abs=1
RESULT precision=FAIL final_output=PASS stage_guard=FAIL he_tolerance=1e-5 max_scale_drift_bits=1.5852208434808e-11 actual_Q_consumed=22 bootstrap_tested=false full_network_tested=false
