ACCURACY_ONLY security_approved=false N=65536 Q=50 P=25 dnum=2 slots=32768
FIXTURE coefficients_sha256=c5bd1e4cce6af0630afa3f637bb1c71e81d91d44d00cfa3f9ca6724af61a8ae1 witness_sha256=eaf476ef2707290d7d5895bad2c072b8dc174c3009aa1795a146fa2cfd160bbf
SECRET h=192 positive=96 negative=96 source=OS_random nonzero=true
CHECK encrypted_input q=31 log_scale=40 max_abs=9.1914713004868e-07 rms=1.5760994504914e-07 max_imag=9.1157019086674e-07 reference_max_abs=1
CHECK stage1/T2 q=30 log_scale=50.000352262128 max_abs=2.7011044727451e-06 rms=3.6194013959777e-07 max_imag=2.6990051941309e-06 reference_max_abs=1
CHECK stage1/T4 q=28 log_scale=40.007757738524 max_abs=9.1401969420186e-06 rms=8.0200558687647e-07 max_imag=8.5738447865299e-06 reference_max_abs=1
CHECK stage1/T3 q=29 log_scale=60.003349245508 max_abs=5.5361024026251e-06 rms=5.8082860868214e-07 max_imag=5.5317999239595e-06 reference_max_abs=1
CHECK stage1/T8 q=27 log_scale=50.022931131691 max_abs=2.819237603818e-05 rms=1.74283891522e-06 max_imag=2.4192101726468e-05 reference_max_abs=1
CHECK stage1/node15 q=30 log_scale=50.03114910328 max_abs=3.7014252826473e-06 rms=6.3469841797154e-07 max_imag=3.6709126452877e-06 reference_max_abs=4.0270201200636
CHECK stage1/node14 q=30 log_scale=100.03150136541 max_abs=2.0618197927494e-06 rms=3.535487340297e-07 max_imag=2.0448232938603e-06 reference_max_abs=2.2431879785266
CHECK stage1/node7 q=28 log_scale=40.038554579676 max_abs=1.0982994356973e-05 rms=1.1606473297188e-06 max_imag=1.0974464001342e-05 reference_max_abs=2.1294338132612
CHECK stage1/node6 q=28 log_scale=80.0463123182 max_abs=1.7314609844811e-06 rms=1.9995210863873e-07 max_imag=1.7171877659351e-06 reference_max_abs=1.012541860641
CHECK stage1/node3 q=27 log_scale=50.053727972844 max_abs=2.1660368159376e-05 rms=1.4851007667007e-06 max_imag=1.8374108134163e-05 reference_max_abs=1.2289990742979
CHECK stage1/node5 q=28 log_scale=90.061485711368 max_abs=1.6107954260145e-06 rms=1.9156945400484e-07 max_imag=1.6095435832223e-06 reference_max_abs=0.55286535782885
CHECK stage1/node4 q=28 log_scale=130.06924344989 max_abs=2.4782663763563e-06 rms=2.9470102984329e-07 max_imag=2.4578368951561e-06 reference_max_abs=1.2566840089522
CHECK stage1/node2 q=27 log_scale=100.07665910454 max_abs=3.705247772671e-06 rms=3.1746151566561e-07 max_imag=3.6747006872756e-06 reference_max_abs=1.0344074602517
CHECK stage1/node1 q=25 log_scale=40.1 max_abs=3.9527208572587e-05 rms=1.6518581933891e-06 max_imag=3.6922851018535e-05 reference_max_abs=0.97601915273881
CHECK P15_stage1 q=25 log_scale=40.1 max_abs=3.9527208572587e-05 rms=1.6518581933891e-06 max_imag=3.6922851018535e-05 reference_max_abs=0.97601915273881
CHECK stage2/T2 q=24 log_scale=50.214691701387 max_abs=7.2935801314209e-05 rms=3.5047472567043e-06 max_imag=6.019527309601e-05 reference_max_abs=1
CHECK stage2/T4 q=22 log_scale=40.462150059881 max_abs=0.00013094291493453 rms=6.6418533848973e-06 max_imag=0.00011862186120699 reference_max_abs=1
CHECK stage2/T3 q=23 log_scale=60.329917239982 max_abs=0.00010149219086874 rms=4.8832488677535e-06 max_imag=0.00010149117939147 reference_max_abs=0.99999999891292
CHECK stage2/T8 q=21 log_scale=50.947735994982 max_abs=0.00032230796131631 rms=1.2461050566735e-05 max_imag=0.00030107093255146 reference_max_abs=1
CHECK stage2/node15 q=24 log_scale=52.270378077839 max_abs=0.00016263174146441 rms=6.7964469137922e-06 max_imag=0.00015191630730598 reference_max_abs=4.0157577600407
CHECK stage2/node14 q=24 log_scale=102.48506977923 max_abs=3.70293993506e-05 rms=1.5474737256319e-06 max_imag=3.4589616745094e-05 reference_max_abs=0.91434240579511
CHECK stage2/node7 q=22 log_scale=42.517836436333 max_abs=0.00018066634822356 rms=1.0444000797281e-05 max_imag=0.00017079799825161 reference_max_abs=2.7208290325804
CHECK stage2/node6 q=22 log_scale=82.979986496215 max_abs=5.1188464671673e-05 rms=2.2284272729828e-06 max_imag=5.1187954458647e-05 reference_max_abs=0.52802492829469
CHECK stage2/node3 q=21 log_scale=53.003422371434 max_abs=0.00023788260210058 rms=1.1465502262855e-05 max_imag=0.00021962790149918 reference_max_abs=1.972098567928
CHECK stage2/node5 q=22 log_scale=93.465572431315 max_abs=5.4904538023636e-05 rms=2.7509309940459e-06 max_imag=5.4903990870538e-05 reference_max_abs=0.53153926368996
CHECK stage2/node4 q=22 log_scale=133.9277224912 max_abs=9.8276281586782e-05 rms=3.4124335124083e-06 max_imag=9.553346227215e-05 reference_max_abs=1.1049333951186
CHECK stage2/node2 q=21 log_scale=103.95115836642 max_abs=0.00014968107540968 rms=3.9607696695366e-06 max_imag=0.00014967958810757 reference_max_abs=0.93702973163669
CHECK stage2/node1 q=19 log_scale=43.999999999999 max_abs=0.00035717188445854 rms=9.7073310419925e-06 max_imag=0.00035716842108994 reference_max_abs=0.91644065566353
CHECK P15_stage2 q=19 log_scale=43.999999999999 max_abs=0.00035717188445854 rms=9.7073310419925e-06 max_imag=0.00035716842108994 reference_max_abs=0.91644065566353
CHECK stage3/T2 q=18 log_scale=58.026481993926 max_abs=0.00058935080548767 rms=2.2865210130589e-05 max_imag=0.00055051303238348 reference_max_abs=1
CHECK stage3/T4 q=16 log_scale=56.108799926642 max_abs=0.0012855952597126 rms=3.5340527631691e-05 max_imag=0.0012855799821471 reference_max_abs=1
CHECK stage3/T3 q=16 log_scale=42.082317932715 max_abs=0.00078135504983916 rms=2.6049291088174e-05 max_imag=0.00078134912509463 reference_max_abs=0.9999999962062
CHECK stage3/T8 q=14 log_scale=52.28098850802 max_abs=0.0025458673973417 rms=7.3394325415606e-05 max_imag=0.0025458511119999 reference_max_abs=1
CHECK stage3/T5 q=15 log_scale=70.138694034658 max_abs=0.0011951866243777 rms=4.3256527000631e-05 max_imag=0.0011806477798816 reference_max_abs=0.9999999997791
CHECK stage3/T7 q=15 log_scale=68.221011967373 max_abs=0.0014091816176783 rms=6.3674531192307e-05 max_imag=0.0013157999119914 reference_max_abs=0.999999996212
CHECK stage3/T16 q=12 log_scale=44.634562708613 max_abs=0.0051915771755106 rms=0.00014738832953216 max_imag=0.0051914814175128 reference_max_abs=1
CHECK stage3/node7 q=14 log_scale=52.882985477878 max_abs=9.3096274431117e-06 rms=3.4767512130291e-07 max_imag=8.6954697510279e-06 reference_max_abs=0.019243464358715
CHECK stage3/node6 q=14 log_scale=105.1639739859 max_abs=8.4894910587153e-05 rms=3.4597500829094e-06 max_imag=5.9077912669368e-05 reference_max_abs=0.1772085000198
CHECK stage3/node3 q=12 log_scale=45.236559678472 max_abs=6.417466915398e-05 rms=2.9294761722269e-06 max_imag=4.4965946798771e-05 reference_max_abs=0.15818700017571
CHECK stage3/node5 q=14 log_scale=97.517548186502 max_abs=0.00035865287296107 rms=1.5825201176763e-05 max_imag=0.00027581080860639 reference_max_abs=0.63047135035882
CHECK stage3/node4 q=14 log_scale=149.79853669453 max_abs=0.00033500110337151 rms=1.2504780011148e-05 max_imag=0.00033500045034617 reference_max_abs=0.63566125683945
CHECK stage3/node2 q=12 log_scale=89.871122387095 max_abs=0.00017830321400314 rms=8.4068105346385e-06 max_imag=0.00017135444050545 reference_max_abs=0.65088142784041
CHECK stage3/node1 q=12 log_scale=89.871122387085 max_abs=0.00018496123851976 rms=3.7234025179638e-06 max_imag=0.00017775311502656 reference_max_abs=0.50005000071736
CHECK P27_stage3 q=12 log_scale=89.871122387085 max_abs=0.00018496123851976 rms=3.7234025179638e-06 max_imag=0.00017775311502656 reference_max_abs=0.50005000071736
CHECK ReLU_final_vs_original_polynomial q=9 log_scale=39.999999999984 max_abs=5.075973757992e-06 rms=1.1772859776993e-07 max_imag=5.075445900346e-06 reference_max_abs=0.99995271955909
APPROXIMATION plaintext_polynomial_vs_ReLU_max=0.00011509801157269 rms=2.0572159571418e-05
CHECK ReLU_final_vs_ideal_ReLU q=9 log_scale=39.999999999984 max_abs=0.00011511103163114 rms=2.0572922966018e-05 max_imag=5.075445900346e-06 reference_max_abs=1
RESULT precision=FAIL he_tolerance=1e-5 max_scale_drift_bits=1.5852208434808e-11 actual_Q_consumed=22 bootstrap_tested=false full_network_tested=false
