ACCURACY_ONLY security_approved=false N=65536 Q=50 P=25 dnum=2 slots=32768
FIXTURE coefficients_sha256=c5bd1e4cce6af0630afa3f637bb1c71e81d91d44d00cfa3f9ca6724af61a8ae1 witness_sha256=eaf476ef2707290d7d5895bad2c072b8dc174c3009aa1795a146fa2cfd160bbf
SECRET h=192 positive=96 negative=96 source=OS_random nonzero=true
CHECK encrypted_input q=31 log_scale=40 max_abs=9.6478048390118e-07 rms=1.5861087134394e-07 max_imag=8.5311208729432e-07 reference_max_abs=1
CHECK stage1/T2 q=30 log_scale=50.000352262128 max_abs=3.3604618530771e-06 rms=3.6106277826699e-07 max_imag=2.4234668979901e-06 reference_max_abs=1
CHECK stage1/T4 q=28 log_scale=40.007757738524 max_abs=8.811720155622e-06 rms=7.9897153573685e-07 max_imag=8.7337364741199e-06 reference_max_abs=1
CHECK stage1/T3 q=29 log_scale=60.003349245508 max_abs=5.8843702915983e-06 rms=5.8078452215161e-07 max_imag=5.0933541007898e-06 reference_max_abs=1
CHECK stage1/T8 q=27 log_scale=50.022931131691 max_abs=2.7298335021507e-05 rms=1.7004044320921e-06 max_imag=2.685335192399e-05 reference_max_abs=1
CHECK stage1/node15 q=30 log_scale=50.03114910328 max_abs=3.8851899710614e-06 rms=6.3872917318088e-07 max_imag=3.4354994661067e-06 reference_max_abs=4.0270201200636
CHECK stage1/node14 q=30 log_scale=100.03150136541 max_abs=2.1641839841999e-06 rms=3.5579399986032e-07 max_imag=1.9136907780522e-06 reference_max_abs=2.2431879785266
CHECK stage1/node7 q=28 log_scale=40.038554579676 max_abs=1.1626418458776e-05 rms=1.1611371166001e-06 max_imag=1.0120396459106e-05 reference_max_abs=2.1294338132612
CHECK stage1/node6 q=28 log_scale=80.0463123182 max_abs=1.6837066219667e-06 rms=2.0299629762883e-07 max_imag=1.5865140460624e-06 reference_max_abs=1.012541860641
CHECK stage1/node3 q=27 log_scale=50.053727972844 max_abs=2.1817638762285e-05 rms=1.4558972121336e-06 max_imag=2.1618759147121e-05 reference_max_abs=1.2289990742979
CHECK stage1/node5 q=28 log_scale=90.061485711368 max_abs=1.6316615426119e-06 rms=1.9266213899912e-07 max_imag=1.507863518063e-06 reference_max_abs=0.55286535782885
CHECK stage1/node4 q=28 log_scale=130.06924344989 max_abs=2.385306569087e-06 rms=2.985321128813e-07 max_imag=2.2609709556253e-06 reference_max_abs=1.2566840089522
CHECK stage1/node2 q=27 log_scale=100.07665910454 max_abs=3.2702962204988e-06 rms=3.2168179547827e-07 max_imag=3.1426397558767e-06 reference_max_abs=1.0344074602517
CHECK stage1/node1 q=25 log_scale=40.1 max_abs=3.1465754953978e-05 rms=1.6044295941139e-06 max_imag=2.929374854603e-05 reference_max_abs=0.97601915273881
CHECK P15_stage1 q=25 log_scale=40.1 max_abs=3.1465754953978e-05 rms=1.6044295941139e-06 max_imag=2.929374854603e-05 reference_max_abs=0.97601915273881
CHECK stage1_vs_polynomial_of_decrypted_input q=25 log_scale=40.1 max_abs=2.654066591919e-08 rms=2.6311908848787e-09 max_imag=2.929374854603e-05 reference_max_abs=0.97601915273662
CHECK stage2/T2 q=24 log_scale=50.214691701387 max_abs=6.4593439694367e-05 rms=3.4945221928145e-06 max_imag=6.0076936098707e-05 reference_max_abs=1
CHECK stage2/T4 q=22 log_scale=40.462150059881 max_abs=0.00012750249647412 rms=6.5108289005062e-06 max_imag=0.00012216948059377 reference_max_abs=1
CHECK stage2/T3 q=23 log_scale=60.329917239982 max_abs=9.625953754729e-05 rms=4.746090478863e-06 max_imag=8.9527959144751e-05 reference_max_abs=0.99999999891292
CHECK stage2/T8 q=21 log_scale=50.947735994982 max_abs=0.00025490642293999 rms=1.2091409080122e-05 max_imag=0.00023707791372562 reference_max_abs=1
CHECK stage2/node15 q=24 log_scale=52.270378077839 max_abs=0.000129463493766 rms=6.6013054925614e-06 max_imag=0.00012052693625692 reference_max_abs=4.0157577600407
CHECK stage2/node14 q=24 log_scale=102.48506977923 max_abs=2.9477366303809e-05 rms=1.5030422414307e-06 max_imag=2.744261364631e-05 reference_max_abs=0.91434240579511
CHECK stage2/node7 q=22 log_scale=42.517836436333 max_abs=0.00022045548425393 rms=1.0255832765762e-05 max_imag=0.00020503892560584 reference_max_abs=2.7208290325804
CHECK stage2/node6 q=22 log_scale=82.979986496215 max_abs=4.5834520377326e-05 rms=2.1525954235319e-06 max_imag=3.8693493088529e-05 reference_max_abs=0.52802492829469
CHECK stage2/node3 q=21 log_scale=53.003422371434 max_abs=0.00022990394366297 rms=1.1381351900227e-05 max_imag=0.00020516186248943 reference_max_abs=1.972098567928
CHECK stage2/node5 q=22 log_scale=93.465572431315 max_abs=5.512119254687e-05 rms=2.6793673295681e-06 max_imag=5.1266498363523e-05 reference_max_abs=0.53153926368996
CHECK stage2/node4 q=22 log_scale=133.9277224912 max_abs=8.6181429177252e-05 rms=3.2409440110095e-06 max_imag=5.9874547496816e-05 reference_max_abs=1.1049333951186
CHECK stage2/node2 q=21 log_scale=103.95115836642 max_abs=0.00012313399891808 rms=3.7541680410588e-06 max_imag=8.5549229574532e-05 reference_max_abs=0.93702973163669
CHECK stage2/node1 q=19 log_scale=43.999999999999 max_abs=0.00016604603986798 rms=9.0768863074702e-06 max_imag=0.0001411894631283 reference_max_abs=0.91644065566353
CHECK P15_stage2 q=19 log_scale=43.999999999999 max_abs=0.00016604603986798 rms=9.0768863074702e-06 max_imag=0.0001411894631283 reference_max_abs=0.91644065566353
CHECK stage2_vs_polynomial_of_decrypted_input q=19 log_scale=43.999999999999 max_abs=8.7900599043626e-07 rms=4.2121966866818e-08 max_imag=0.0001411894631283 reference_max_abs=0.91644065561814
CHECK stage3/T2 q=18 log_scale=58.026481993926 max_abs=0.00041502039088417 rms=2.1754789951884e-05 max_imag=0.00028841302682431 reference_max_abs=1
CHECK stage3/T4 q=16 log_scale=56.108799926642 max_abs=0.00075274325587623 rms=3.4279103790778e-05 max_imag=0.0005449408623943 reference_max_abs=1
CHECK stage3/T3 q=16 log_scale=42.082317932715 max_abs=0.00069625728730209 rms=2.5463842359488e-05 max_imag=0.0004838040852448 reference_max_abs=0.9999999962062
CHECK stage3/T8 q=14 log_scale=52.28098850802 max_abs=0.0017728277400745 rms=7.0150610499268e-05 max_imag=0.0012321642733758 reference_max_abs=1
CHECK stage3/T5 q=15 log_scale=70.138694034658 max_abs=0.00082810906306252 rms=4.0438280826581e-05 max_imag=0.00068571542085776 reference_max_abs=0.9999999997791
CHECK stage3/T7 q=15 log_scale=68.221011967373 max_abs=0.0012461661868273 rms=6.1736144746349e-05 max_imag=0.00076281065195695 reference_max_abs=0.999999996212
CHECK stage3/T16 q=12 log_scale=44.634562708613 max_abs=0.0027640974806233 rms=0.00014098630760688 max_imag=0.0021847151880806 reference_max_abs=1
CHECK stage3/node7 q=14 log_scale=52.882985477878 max_abs=8.4831179221244e-06 rms=3.3784517884731e-07 max_imag=5.8948474588318e-06 reference_max_abs=0.019243464358715
CHECK stage3/node6 q=14 log_scale=105.1639739859 max_abs=0.0001177269023738 rms=3.577716353136e-06 max_imag=9.5230834766069e-05 reference_max_abs=0.1772085000198
CHECK stage3/node3 q=12 log_scale=45.236559678472 max_abs=8.9604548531269e-05 rms=3.0033806696485e-06 max_imag=7.9542149341809e-05 reference_max_abs=0.15818700017571
CHECK stage3/node5 q=14 log_scale=97.517548186502 max_abs=0.0005496036518581 rms=1.6601116834634e-05 max_imag=0.0004953311322889 reference_max_abs=0.63047135035882
CHECK stage3/node4 q=14 log_scale=149.79853669453 max_abs=0.00041334302566179 rms=1.2909267185364e-05 max_imag=0.00038442530699087 reference_max_abs=0.63566125683945
CHECK stage3/node2 q=12 log_scale=89.871122387095 max_abs=0.00030889968880783 rms=8.9043137703607e-06 max_imag=0.00028728081635044 reference_max_abs=0.65088142784041
CHECK stage3/node1 q=12 log_scale=89.871122387085 max_abs=0.00022623256696613 rms=3.9639130855961e-06 max_imag=0.00017008531020425 reference_max_abs=0.50005000071736
CHECK P27_stage3 q=12 log_scale=89.871122387085 max_abs=0.00022623256696613 rms=3.9639130855961e-06 max_imag=0.00017008531020425 reference_max_abs=0.50005000071736
CHECK stage3_vs_polynomial_of_decrypted_input q=12 log_scale=89.871122387085 max_abs=1.2263147444687e-07 rms=2.4831667491175e-09 max_imag=0.00017008531020425 reference_max_abs=0.50005000073129
SOURCE_REFERENCE original_application_function_max_difference=5.0567189324724e-16
CHECK ReLU_final_vs_original_polynomial q=9 log_scale=39.999999999984 max_abs=2.3768851690255e-06 rms=1.1424148848738e-07 max_imag=1.9965575249823e-06 reference_max_abs=0.99995271955909
CHECK ReLU_final_vs_polynomial_of_decrypted_input q=9 log_scale=39.999999999984 max_abs=7.3812133227958e-09 rms=9.3806181155759e-10 max_imag=1.9965575249823e-06 reference_max_abs=0.99995340952076
APPROXIMATION plaintext_polynomial_vs_ReLU_max=0.00011509801157269 rms=2.0572159571418e-05
CHECK ReLU_final_vs_ideal_ReLU q=9 log_scale=39.999999999984 max_abs=0.00011510075620662 rms=2.0572847511011e-05 max_imag=1.9965575249823e-06 reference_max_abs=1
RESULT precision=FAIL final_output=PASS stage_guard=FAIL he_tolerance=1e-5 max_scale_drift_bits=1.5852208434808e-11 actual_Q_consumed=22 bootstrap_tested=false full_network_tested=false
